Microchip MPLAB XC8 Compiler V2.45

Linker command line:

-W-3 \
  --edf=C:\Program Files\Microchip\xc8\v2.45\pic\dat\20230818022343_en.msgs \
  -cn -h+dist/default/production\SmartDoorWiFiLCD.X.production.sym \
  --cmf=dist/default/production\SmartDoorWiFiLCD.X.production.cmf -z \
  -Q16F887 -oC:\Users\mkska\AppData\Local\Temp\xcAsd84.\driver_tmp_3.o \
  --defsym=__MPLAB_BUILD=1 --fixupoverflow=error \
  -Mdist/default/production/SmartDoorWiFiLCD.X.production.map \
  --md=C:\Users\mkska\AppData\Local\Temp\xcAsd84.\driver_tmp_0.dat -E1 \
  -ver=XC8 Compiler --acfsm=1493 -ACODE=00h-07FFhx4 -ASTRCODE=00h-01FFFh \
  -ASTRING=00h-0FFhx32 -ACONST=00h-0FFhx32 -AENTRY=00h-0FFhx32 \
  -ACOMMON=070h-07Fh -ABANK0=020h-06Fh -ABANK1=0A0h-0EFh \
  -ABANK2=0110h-016Fh -ABANK3=0190h-01EFh \
  -ARAM=020h-06Fh,0A0h-0EFh,0110h-016Fh,0190h-01EFh \
  -AABS1=020h-07Fh,0A0h-0EFh,0110h-016Fh,0190h-01EFh -ASFR0=00h-01Fh \
  -ASFR1=080h-09Fh -ASFR2=0100h-010Fh -ASFR3=0180h-018Fh \
  -ACONFIG=02007h-02008h -DCONFIG=2 -AIDLOC=02000h-02003h -DIDLOC=2 \
  -AEEDATA=00h-0FFh/02100h -peeprom_data=EEDATA -DEEDATA=2 -DCODE=2 \
  -DSTRCODE=2 -DSTRING=2 -DCONST=2 -DENTRY=2 \
  -preset_vec=00h,intentry=04h,init,end_init -ppowerup=CODE -pcinit=CODE \
  -pfunctab=ENTRY -k \
  C:\Users\mkska\AppData\Local\Temp\xcAsd84.\driver_tmp_12.o \
  dist/default/production\SmartDoorWiFiLCD.X.production.o 

Object code version is 3.11

Machine type is 16F887



                Name                               Link     Load   Length Selector   Space Scale
C:\Users\mkska\AppData\Local\Temp\xcAsd84.\driver_tmp_12.o
                end_init                             12       12        3        8       0
                reset_vec                             0        0        3        0       0
                config                             2007     2007        2        0       4
dist/default/production\SmartDoorWiFiLCD.X.production.o
                cinit                                15       15       21        8       0
                intentry                              4        4        E        8       0
                config                             2007     2007        2        0       4
                text23                              6E3      6E3       1F      746       0
                text22                              74C      74C       17      746       0
                text21                              702      702       1B      746       0
                text20                              47E      47E       5D      746       0
                text19                              57F      57F       49      746       0
                text18                              771      771        B      746       0
                text17                              292      292       94        8       0
                text16                              640      640       2F      746       0
                text15                              1FE      1FE       94        8       0
                text14                              6C1      6C1       22      746       0
                text13                              4DB      4DB       55      746       0
                text12                              66F      66F       2C      746       0
                text11                              763      763        E      746       0
                text10                              16A      16A       94        8       0
                text9                               735      735       17      746       0
                text8                               60F      60F       31      746       0
                text7                                D6       D6       94        8       0
                text6                               69B      69B       26      746       0
                text5                               5C8      5C8       47      746       0
                text4                               71D      71D       18      746       0
                text3                               3A3      3A3       77      746       0
                text2                               41A      41A       64      746       0
                text1                               530      530       4F      746       0
                maintext                             36       36       A0        8       0
                cstackBANK0                          4C       4C       12       20       1
                cstackCOMMON                         70       70        C       70       1
                clrtext                             77C      77C        8      746       0
                bssBANK1                             A0       A0       20       A0       1
                bssBANK0                             20       20       2C       20       1
                dataCOMMON                           7C       7C        2       70       1
                strings                             326      326       7D      64C       0
                idataCOMMON                         784      784        2      746       0

TOTAL           Name                               Link     Load   Length     Space
        CLASS   CODE           
                end_init                             12       12        3         0
                cinit                                15       15       21         0
                intentry                              4        4        E         0
                reset_vec                             0        0        3         0
                text23                              6E3      6E3       1F         0
                text22                              74C      74C       17         0
                text21                              702      702       1B         0
                text20                              47E      47E       5D         0
                text19                              57F      57F       49         0
                text18                              771      771        B         0
                text17                              292      292       94         0
                text16                              640      640       2F         0
                text15                              1FE      1FE       94         0
                text14                              6C1      6C1       22         0
                text13                              4DB      4DB       55         0
                text12                              66F      66F       2C         0
                text11                              763      763        E         0
                text10                              16A      16A       94         0
                text9                               735      735       17         0
                text8                               60F      60F       31         0
                text7                                D6       D6       94         0
                text6                               69B      69B       26         0
                text5                               5C8      5C8       47         0
                text4                               71D      71D       18         0
                text3                               3A3      3A3       77         0
                text2                               41A      41A       64         0
                text1                               530      530       4F         0
                maintext                             36       36       A0         0
                clrtext                             77C      77C        8         0
                idataCOMMON                         784      784        2         0

        CLASS   STRCODE        

        CLASS   STRING         
                strings                             326      326       7D         0

        CLASS   CONST          

        CLASS   ENTRY          

        CLASS   COMMON         
                cstackCOMMON                         70       70        C         1
                dataCOMMON                           7C       7C        2         1

        CLASS   BANK0          
                cstackBANK0                          4C       4C       12         1
                bssBANK0                             20       20       2C         1

        CLASS   BANK1          
                bssBANK1                             A0       A0       20         1

        CLASS   BANK2          

        CLASS   BANK3          

        CLASS   RAM            

        CLASS   ABS1           
                abs_s1                               7E       7E        2         1

        CLASS   SFR0           

        CLASS   SFR1           

        CLASS   SFR2           

        CLASS   SFR3           

        CLASS   CONFIG         
                config                             2007     2007        2         4

        CLASS   IDLOC          

        CLASS   EEDATA         

        CLASS   HEAP           

        CLASS   STACK          



SEGMENTS        Name                           Load    Length   Top    Selector   Space  Class     Delta

                reset_vec                      000000  000003  000003         0       0  CODE        2
                intentry                       000004  000322  000326         8       0  CODE        2
                bssBANK0                       000020  00003E  00005E        20       1  BANK0       1
                cstackCOMMON                   000070  00000E  00007E        70       1  COMMON      1
                bssBANK1                       0000A0  000020  0000C0        A0       1  BANK1       1
                strings                        000326  00007D  0003A3       64C       0  STRING      2
                text3                          0003A3  0003E3  000786       746       0  CODE        2


UNUSED ADDRESS RANGES

        Name                Unused          Largest block    Delta
        BANK0            005E-006F             12           1
        BANK1            00C0-00EF             30           1
        BANK2            0110-016F             60           1
        BANK3            0190-01EF             60           1
        CODE             0003-0003              1           2
                         0786-1FFF            800
        CONST            0003-0003              1           2
                         0786-1FFF            100
        EEDATA           2100-21FF            100           2
        ENTRY            0003-0003              1           2
                         0786-1FFF            100
        IDLOC            2000-2003              4           2
        RAM              005E-006F             12           1
                         00C0-00EF             30
                         0110-016F             60
                         0190-01EF             60
        SFR0             0000-001F             20           1
        SFR1             0080-009F             20           1
        SFR2             0100-010F             10           1
        SFR3             0180-018F             10           1
        STRCODE          0003-0003              1           2
                         0786-1FFF           187A
        STRING           0003-0003              1           2
                         0786-1FFF            100

                                  Symbol Table

?_strlen                     cstackCOMMON 0070
?_strncmp                    cstackCOMMON 0070
ClearStringReceive@i         cstackCOMMON 0070
LCD_cursor_set@column        cstackBANK0  0054
LCD_cursor_set@row           cstackBANK0  0055
LCD_write_command@command    cstackBANK0  0053
LCD_write_data@data          cstackBANK0  0053
LCD_write_string@i           cstackBANK0  0054
LCD_write_string@string      cstackBANK0  0055
_ADCON0                      (abs)        001F
_ADCON1                      (abs)        009F
_ADRESH                      (abs)        001E
_ADRESL                      (abs)        009E
_CREN                        (abs)        00C4
_ClearStringReceive          text23       06E3
_GIE                         (abs)        005F
_GO_nDONE                    (abs)        00F9
_ISR                         text12       066F
_InitUART                    text4        071D
_LCD_clear                   text9        0735
_LCD_cursor_set              text8        060F
_LCD_display_control         dataCOMMON   007C
_LCD_entry_mode              dataCOMMON   007D
_LCD_init                    text3        03A3
_LCD_pulse_clock             text11       0763
_LCD_write_command           text10       016A
_LCD_write_data              text7        00D6
_LCD_write_string            text6        069B
_OERR                        (abs)        00C1
_PEIE                        (abs)        005E
_PIE1bits                    (abs)        008C
_PIR1bits                    (abs)        000C
_PORTBbits                   (abs)        0006
_PORTDbits                   (abs)        0008
_RB0                         (abs)        0030
_RB1                         (abs)        0031
_RB2                         (abs)        0032
_RB3                         (abs)        0033
_RB4                         (abs)        0034
_RB5                         (abs)        0035
_RB6                         (abs)        0036
_RB7                         (abs)        0037
_RCIF                        (abs)        0065
_RCREG                       (abs)        001A
_RCSTAbits                   (abs)        0018
_SPBRG                       (abs)        0099
_StatusChange                bssBANK0     0028
_StringReceive               bssBANK0     002E
_TRISB0                      (abs)        0430
_TRISB1                      (abs)        0431
_TRISB2                      (abs)        0432
_TRISB3                      (abs)        0433
_TRISB4                      (abs)        0434
_TRISB5                      (abs)        0435
_TRISB6                      (abs)        0436
_TRISB7                      (abs)        0437
_TRISBbits                   (abs)        0086
_TRISC6                      (abs)        043E
_TRISC7                      (abs)        043F
_TRISDbits                   (abs)        0088
_TXIF                        (abs)        0064
_TXREG                       (abs)        0019
_TXSTAbits                   (abs)        0098
__H__absolute__              __absolute__ 0000
__Habs1                      abs1         0000
__Hbank0                     bank0        0000
__Hbank1                     bank1        0000
__Hbank2                     bank2        0000
__Hbank3                     bank3        0000
__HbssBANK0                  bssBANK0     0000
__HbssBANK1                  bssBANK1     0000
__Hcinit                     cinit        0036
__Hclrtext                   clrtext      0000
__Hcode                      code         0000
__Hcommon                    common       0000
__Hconfig                    config       2009
__HcstackBANK0               cstackBANK0  0000
__HcstackCOMMON              cstackCOMMON 0000
__HdataCOMMON                dataCOMMON   0000
__Heeprom_data               eeprom_data  0000
__Hend_init                  end_init     0015
__Hfunctab                   functab      0000
__Hheap                      heap         0000
__HidataCOMMON               idataCOMMON  0000
__Hinit                      init         0012
__Hintentry                  intentry     0012
__Hmaintext                  maintext     0000
__Hpowerup                   powerup      0000
__Hram                       ram          0000
__Hreset_vec                 reset_vec    0003
__Hsfr0                      sfr0         0000
__Hsfr1                      sfr1         0000
__Hsfr2                      sfr2         0000
__Hsfr3                      sfr3         0000
__Hspace_0                   (abs)        0786
__Hspace_1                   (abs)        00C0
__Hspace_2                   (abs)        0000
__Hspace_3                   (abs)        0000
__Hspace_4                   (abs)        4010
__Hstack                     stack        0000
__Hstrings                   strings      0000
__Htext                      text         0000
__L__absolute__              __absolute__ 0000
__Labs1                      abs1         0000
__Lbank0                     bank0        0000
__Lbank1                     bank1        0000
__Lbank2                     bank2        0000
__Lbank3                     bank3        0000
__LbssBANK0                  bssBANK0     0000
__LbssBANK1                  bssBANK1     0000
__Lcinit                     cinit        0015
__Lclrtext                   clrtext      0000
__Lcode                      code         0000
__Lcommon                    common       0000
__Lconfig                    config       0000
__LcstackBANK0               cstackBANK0  0000
__LcstackCOMMON              cstackCOMMON 0000
__LdataCOMMON                dataCOMMON   0000
__Leeprom_data               eeprom_data  0000
__Lend_init                  end_init     0012
__Lfunctab                   functab      0000
__Lheap                      heap         0000
__LidataCOMMON               idataCOMMON  0000
__Linit                      init         0012
__Lintentry                  intentry     0004
__Lmaintext                  maintext     0000
__Lpowerup                   powerup      0000
__Lram                       ram          0000
__Lreset_vec                 reset_vec    0000
__Lsfr0                      sfr0         0000
__Lsfr1                      sfr1         0000
__Lsfr2                      sfr2         0000
__Lsfr3                      sfr3         0000
__Lspace_0                   (abs)        0000
__Lspace_1                   (abs)        0000
__Lspace_2                   (abs)        0000
__Lspace_3                   (abs)        0000
__Lspace_4                   (abs)        0000
__Lstack                     stack        0000
__Lstrings                   strings      0000
__Ltext                      text         0000
__S0                         (abs)        0786
__S1                         (abs)        00C0
__S3                         (abs)        0000
___heap_hi                   (abs)        0000
___heap_lo                   (abs)        0000
___int_sp                    stack        0000
___int_stack_hi              stack        0000
___int_stack_lo              stack        0000
___latbits                   (abs)        0002
___sp                        stack        0000
___stack_hi                  stack        0000
___stack_lo                  stack        0000
___stackhi                   (abs)        0000
___stacklo                   (abs)        0000
__end_of_ClearStringReceive  text23       0702
__end_of_ISR                 text12       069B
__end_of_InitUART            text4        0735
__end_of_KeyPadChar          strings      033D
__end_of_LCD_clear           text9        074C
__end_of_LCD_cursor_set      text8        0640
__end_of_LCD_init            text3        041A
__end_of_LCD_pulse_clock     text11       0771
__end_of_LCD_write_command   text10       01FE
__end_of_LCD_write_data      text7        016A
__end_of_LCD_write_string    text6        06C1
__end_of__initialization     cinit        0032
__end_of__stringtab          strings      032C
__end_of_closeDoor           text2        047E
__end_of_main                maintext     00D6
__end_of_openDoor            text5        060F
__end_of_picInit             text1        057F
__end_of_setDoorStatus       text13       0530
__end_of_strchr              text22       0763
__end_of_strlen              text21       071D
__end_of_strncmp             text20       04DB
__end_of_strstr              text19       05C8
__end_ofi1_LCD_cursor_set    text16       066F
__end_ofi1_LCD_pulse_clock   text18       077C
__end_ofi1_LCD_write_command text17       0326
__end_ofi1_LCD_write_data    text15       0292
__end_ofi1_LCD_write_string  text14       06E3
__initialization             cinit        0015
__pbssBANK0                  bssBANK0     0020
__pbssBANK1                  bssBANK1     00A0
__pcstackBANK0               cstackBANK0  004C
__pcstackCOMMON              cstackCOMMON 0070
__pdataCOMMON                dataCOMMON   007C
__pidataCOMMON               idataCOMMON  0784
__pintentry                  intentry     0004
__pmaintext                  maintext     0036
__pstrings                   strings      0326
__ptext1                     text1        0530
__ptext10                    text10       016A
__ptext11                    text11       0763
__ptext12                    text12       066F
__ptext13                    text13       04DB
__ptext14                    text14       06C1
__ptext15                    text15       01FE
__ptext16                    text16       0640
__ptext17                    text17       0292
__ptext18                    text18       0771
__ptext19                    text19       057F
__ptext2                     text2        041A
__ptext20                    text20       047E
__ptext21                    text21       0702
__ptext22                    text22       074C
__ptext23                    text23       06E3
__ptext3                     text3        03A3
__ptext4                     text4        071D
__ptext5                     text5        05C8
__ptext6                     text6        069B
__ptext7                     text7        00D6
__ptext8                     text8        060F
__ptext9                     text9        0735
__stringbase                 strings      032B
__stringtab                  strings      0326
_closeDoor                   text2        041A
_doorClose                   bssBANK0     0026
_doorStatus                  bssBANK0     002A
_main                        maintext     0036
_openDoor                    text5        05C8
_picInit                     text1        0530
_pos                         bssBANK0     002C
_setDoorStatus               text13       04DB
_strchr                      text22       074C
_strlen                      text21       0702
_strncmp                     text20       047E
_strstr                      text19       057F
btemp                        (abs)        007E
clear_ram0                   clrtext      077C
end_of_initialization        cinit        0032
i1LCD_cursor_set@column      cstackCOMMON 0074
i1LCD_cursor_set@row         cstackCOMMON 0075
i1LCD_write_command@command  cstackCOMMON 0073
i1LCD_write_data@data        cstackCOMMON 0073
i1LCD_write_string@i         cstackCOMMON 0075
i1LCD_write_string@string    cstackCOMMON 0074
i1_LCD_cursor_set            text16       0640
i1_LCD_pulse_clock           text18       0771
i1_LCD_write_command         text17       0292
i1_LCD_write_data            text15       01FE
i1_LCD_write_string          text14       06C1
interrupt_function           intentry     0004
intlevel0                    functab      0000
intlevel1                    functab      0000
intlevel2                    functab      0000
intlevel3                    functab      0000
intlevel4                    functab      0000
intlevel5                    functab      0000
main@adcResult               cstackBANK0  005C
modff@F522                   bssBANK0     0020
reset_vec                    reset_vec    0000
saved_w                      (abs)        007E
start                        init         0012
start_initialization         cinit        0015
strchr@c                     cstackCOMMON 0070
strchr@s                     cstackCOMMON 0072
strlen@a                     cstackCOMMON 0072
strlen@s                     cstackCOMMON 0073
strncmp@l                    cstackCOMMON 0075
strncmp@n                    cstackCOMMON 0071
strncmp@r                    cstackCOMMON 0070
strstr@h                     cstackCOMMON 007B
strstr@n                     cstackCOMMON 0076
strstr@nl                    cstackCOMMON 0079
wtemp0                       (abs)        007E


MODULE INFORMATION

Module		Function		Class		Link	Load	Size
LCD_init.c
		_LCD_init      		CODE           	03A3	0000	119

LCD_init.c estimated size: 119

C:\Program Files\Microchip\xc8\v2.45\pic\sources\c99\common\strstr.c
		_strstr        		CODE           	057F	0000	73

C:\Program Files\Microchip\xc8\v2.45\pic\sources\c99\common\strstr.c estimated size: 73

esp8266.c
		_InitUART      		CODE           	071D	0000	24

esp8266.c estimated size: 24

C:\Program Files\Microchip\xc8\v2.45\pic\sources\c99\common\strncmp.c
		_strncmp       		CODE           	047E	0000	93

C:\Program Files\Microchip\xc8\v2.45\pic\sources\c99\common\strncmp.c estimated size: 93

LCD_write_command.c
		_LCD_write_command		CODE           	016A	0000	148

LCD_write_command.c estimated size: 148

LCD_write_data.c
		_LCD_write_data		CODE           	00D6	0000	148

LCD_write_data.c estimated size: 148

LCD_pulse_clock.c
		_LCD_pulse_clock		CODE           	0763	0000	14

LCD_pulse_clock.c estimated size: 14

LCD_cursor_set.c
		_LCD_cursor_set		CODE           	060F	0000	49

LCD_cursor_set.c estimated size: 49

shared
		i1_LCD_write_data		CODE           	01FE	0000	148
		__stringtab    		STRING         	0326	0000	6
		_KeyPadChar    		STRING         	0000	0000	0
		i1_LCD_cursor_set		CODE           	0640	0000	47
		i1_LCD_pulse_clock		CODE           	0771	0000	11
		__initialization		CODE           	0015	0000	29
		i1_LCD_write_string		CODE           	06C1	0000	34
		i1_LCD_write_command		CODE           	0292	0000	148

shared estimated size: 423

LCD_clear.c
		_LCD_clear     		CODE           	0735	0000	23

LCD_clear.c estimated size: 23

C:\Program Files\Microchip\xc8\v2.45\pic\sources\c99\common\strlen.c
		_strlen        		CODE           	0702	0000	27

C:\Program Files\Microchip\xc8\v2.45\pic\sources\c99\common\strlen.c estimated size: 27

C:\Program Files\Microchip\xc8\v2.45\pic\sources\c99\common\strchr.c
		_strchr        		CODE           	074C	0000	23

C:\Program Files\Microchip\xc8\v2.45\pic\sources\c99\common\strchr.c estimated size: 23

LCD_write_string.c
		_LCD_write_string		CODE           	069B	0000	38

LCD_write_string.c estimated size: 38

main.c
		_ISR           		CODE           	066F	0000	44
		_setDoorStatus 		CODE           	04DB	0000	85
		_closeDoor     		CODE           	041A	0000	100
		_ClearStringReceive		CODE           	06E3	0000	31
		_main          		CODE           	0036	0000	160
		_openDoor      		CODE           	05C8	0000	71
		_picInit       		CODE           	0530	0000	79

main.c estimated size: 570

