Microchip MPLAB XC8 Compiler V2.45

Linker command line:

-W-3 \
  --edf=C:\Program Files\Microchip\xc8\v2.45\pic\dat\20230818022343_en.msgs \
  -cn -h+dist/default/production\SmartDoorWiFiLCD.X.production.sym \
  --cmf=dist/default/production\SmartDoorWiFiLCD.X.production.cmf -z \
  -Q16F887 -oC:\Users\mkska\AppData\Local\Temp\xcAspos.\driver_tmp_3.o \
  --defsym=__MPLAB_BUILD=1 --fixupoverflow=error \
  -Mdist/default/production/SmartDoorWiFiLCD.X.production.map \
  --md=C:\Users\mkska\AppData\Local\Temp\xcAspos.\driver_tmp_0.dat -E1 \
  -ver=XC8 Compiler --acfsm=1493 -ACODE=00h-07FFhx4 -ASTRCODE=00h-01FFFh \
  -ASTRING=00h-0FFhx32 -ACONST=00h-0FFhx32 -AENTRY=00h-0FFhx32 \
  -ACOMMON=070h-07Fh -ABANK0=020h-06Fh -ABANK1=0A0h-0EFh \
  -ABANK2=0110h-016Fh -ABANK3=0190h-01EFh \
  -ARAM=020h-06Fh,0A0h-0EFh,0110h-016Fh,0190h-01EFh \
  -AABS1=020h-07Fh,0A0h-0EFh,0110h-016Fh,0190h-01EFh -ASFR0=00h-01Fh \
  -ASFR1=080h-09Fh -ASFR2=0100h-010Fh -ASFR3=0180h-018Fh \
  -ACONFIG=02007h-02008h -DCONFIG=2 -AIDLOC=02000h-02003h -DIDLOC=2 \
  -AEEDATA=00h-0FFh/02100h -peeprom_data=EEDATA -DEEDATA=2 -DCODE=2 \
  -DSTRCODE=2 -DSTRING=2 -DCONST=2 -DENTRY=2 \
  -preset_vec=00h,intentry=04h,init,end_init -ppowerup=CODE -pcinit=CODE \
  -pfunctab=ENTRY -k \
  C:\Users\mkska\AppData\Local\Temp\xcAspos.\driver_tmp_12.o \
  dist/default/production\SmartDoorWiFiLCD.X.production.o 

Object code version is 3.11

Machine type is 16F887



                Name                               Link     Load   Length Selector   Space Scale
C:\Users\mkska\AppData\Local\Temp\xcAspos.\driver_tmp_12.o
                end_init                             10       10        3        8       0
                reset_vec                             0        0        3        0       0
                config                             2007     2007        2        0       4
dist/default/production\SmartDoorWiFiLCD.X.production.o
                cinit                                13       13       59        8       0
                intentry                              4        4        C        8       0
                config                             2007     2007        2        0       4
                text19                              680      680       1D      52C       0
                text18                              571      571       37      52C       0
                text17                              6B6      6B6       18      52C       0
                text16                              71F      71F        E      52C       0
                text15                              32A      32A       94      52C       0
                text14                              5A8      5A8       31      52C       0
                text13                              6E5      6E5       17      52C       0
                text12                              44A      44A       77      52C       0
                text11                              296      296       94      52C       0
                text10                              737      737        A      52C       0
                text9                               601      601       26      52C       0
                text8                               72D      72D        A      52C       0
                text7                               5D9      5D9       28      52C       0
                text6                               6CE      6CE       17      52C       0
                text5                               3BE      3BE       8C      52C       0
                text4                               69D      69D       19      52C       0
                text3                               663      663       1D      52C       0
                text2                               4C1      4C1       5F      52C       0
                text1                               520      520       51      52C       0
                maintext                             6C       6C      168        8       0
                cstackBANK0                          20       20       1D       20       1
                cstackCOMMON                         70       70        6       70       1
                clrtext                             741      741        8      52C       0
                inittext                            6FC      6FC       13      52C       0
                dataBANK3                           1B0      1B0       1E      190       1
                bssBANK3                            190      190       20      190       1
                dataBANK1                            BE       BE       1E       A0       1
                bssBANK1                             A0       A0       1E       A0       1
                dataBANK0                            3D       3D       10       20       1
                bssBANK0                             4D       4D        6       20       1
                dataCOMMON                           76       76        3       70       1
                bssCOMMON                            79       79        2       70       1
                strings                             200      200       96      400       0
                idataBANK3                          645      645       1E      52C       0
                idataBANK1                          627      627       1E      52C       0
                idataBANK0                          70F      70F       10      52C       0
                idataCOMMON                         749      749        3      52C       0

TOTAL           Name                               Link     Load   Length     Space
        CLASS   CODE           
                end_init                             10       10        3         0
                cinit                                13       13       59         0
                intentry                              4        4        C         0
                reset_vec                             0        0        3         0
                text19                              680      680       1D         0
                text18                              571      571       37         0
                text17                              6B6      6B6       18         0
                text16                              71F      71F        E         0
                text15                              32A      32A       94         0
                text14                              5A8      5A8       31         0
                text13                              6E5      6E5       17         0
                text12                              44A      44A       77         0
                text11                              296      296       94         0
                text10                              737      737        A         0
                text9                               601      601       26         0
                text8                               72D      72D        A         0
                text7                               5D9      5D9       28         0
                text6                               6CE      6CE       17         0
                text5                               3BE      3BE       8C         0
                text4                               69D      69D       19         0
                text3                               663      663       1D         0
                text2                               4C1      4C1       5F         0
                text1                               520      520       51         0
                maintext                             6C       6C      168         0
                clrtext                             741      741        8         0
                inittext                            6FC      6FC       13         0
                idataBANK3                          645      645       1E         0
                idataBANK1                          627      627       1E         0
                idataBANK0                          70F      70F       10         0
                idataCOMMON                         749      749        3         0

        CLASS   STRCODE        

        CLASS   STRING         
                strings                             200      200       96         0

        CLASS   CONST          

        CLASS   ENTRY          

        CLASS   COMMON         
                cstackCOMMON                         70       70        6         1
                dataCOMMON                           76       76        3         1
                bssCOMMON                            79       79        2         1

        CLASS   BANK0          
                cstackBANK0                          20       20       1D         1
                dataBANK0                            3D       3D       10         1
                bssBANK0                             4D       4D        6         1

        CLASS   BANK1          
                dataBANK1                            BE       BE       1E         1
                bssBANK1                             A0       A0       1E         1

        CLASS   BANK2          

        CLASS   BANK3          
                dataBANK3                           1B0      1B0       1E         1
                bssBANK3                            190      190       20         1

        CLASS   RAM            

        CLASS   ABS1           
                abs_s1                               7E       7E        2         1

        CLASS   SFR0           

        CLASS   SFR1           

        CLASS   SFR2           

        CLASS   SFR3           

        CLASS   CONFIG         
                config                             2007     2007        2         4

        CLASS   IDLOC          

        CLASS   EEDATA         

        CLASS   HEAP           

        CLASS   STACK          



SEGMENTS        Name                           Load    Length   Top    Selector   Space  Class     Delta

                reset_vec                      000000  000003  000003         0       0  CODE        2
                intentry                       000004  0001D0  0001D4         8       0  CODE        2
                cstackBANK0                    000020  000033  000053        20       1  BANK0       1
                cstackCOMMON                   000070  00000B  00007B        70       1  COMMON      1
                bssBANK1                       0000A0  00003C  0000DC        A0       1  BANK1       1
                bssBANK3                       000190  00003E  0001CE       190       1  BANK3       1
                strings                        000200  000096  000296       400       0  STRING      2
                text11                         000296  0004B6  00074C       52C       0  CODE        2


UNUSED ADDRESS RANGES

        Name                Unused          Largest block    Delta
        BANK0            0053-006F             1D           1
        BANK1            00DC-00EF             14           1
        BANK2            0110-016F             60           1
        BANK3            01CE-01EF             22           1
        CODE             0003-0003              1           2
                         01D4-01FF             2C
                         074C-1FFF            800
        COMMON           007B-007D              3           1
        CONST            0003-0003              1           2
                         01D4-01FF             2C
                         074C-1FFF            100
        EEDATA           2100-21FF            100           2
        ENTRY            0003-0003              1           2
                         01D4-01FF             2C
                         074C-1FFF            100
        IDLOC            2000-2003              4           2
        RAM              0053-006F             1D           1
                         00DC-00EF             14
                         0110-016F             60
                         01CE-01EF             22
        SFR0             0000-001F             20           1
        SFR1             0080-009F             20           1
        SFR2             0100-010F             10           1
        SFR3             0180-018F             10           1
        STRCODE          0003-0003              1           2
                         01D4-01FF             2C
                         074C-1FFF           18B4
        STRING           0003-0003              1           2
                         01D4-01FF             2C
                         074C-1FFF            100

                                  Symbol Table

?_strlen                    cstackBANK0  0020
?_strncmp                   cstackBANK0  0020
ClearStringReceive@i        cstackCOMMON 0070
LCD_cursor_set@column       cstackBANK0  0024
LCD_cursor_set@row          cstackBANK0  0025
LCD_write_char@character    cstackBANK0  0024
LCD_write_command@command   cstackBANK0  0023
LCD_write_data@data         cstackBANK0  0023
LCD_write_string@i          cstackBANK0  0024
LCD_write_string@string     cstackBANK0  0025
SendByteSerially@Byte       cstackBANK0  0020
SendCommandAT@command       cstackBANK0  0023
SendStringSerially@st       cstackBANK0  0021
_CREN                       (abs)        00C4
_ClearStringReceive         text19       0680
_GIE                        (abs)        005F
_ISR                        text18       0571
_InitUART                   text17       06B6
_LCD_clear                  text13       06E5
_LCD_cursor_set             text14       05A8
_LCD_display_control        dataCOMMON   0077
_LCD_entry_mode             dataCOMMON   0078
_LCD_init                   text12       044A
_LCD_pulse_clock            text16       071F
_LCD_write_char             text10       0737
_LCD_write_command          text15       032A
_LCD_write_data             text11       0296
_LCD_write_string           text9        0601
_OERR                       (abs)        00C1
_PEIE                       (abs)        005E
_PIE1bits                   (abs)        008C
_PIR1bits                   (abs)        000C
_PORTB                      (abs)        0006
_PORTDbits                  (abs)        0008
_RB0                        (abs)        0030
_RB1                        (abs)        0031
_RB2                        (abs)        0032
_RB3                        (abs)        0033
_RB4                        (abs)        0034
_RB5                        (abs)        0035
_RB6                        (abs)        0036
_RB7                        (abs)        0037
_RCIF                       (abs)        0065
_RCREG                      (abs)        001A
_RCSTAbits                  (abs)        0018
_SPBRG                      (abs)        0099
_SendByteSerially           text8        072D
_SendCommandAT              text6        06CE
_SendStringSerially         text7        05D9
_StringReceive              bssBANK1     00A0
_TRISB                      (abs)        0086
_TRISB0                     (abs)        0430
_TRISB1                     (abs)        0431
_TRISB2                     (abs)        0432
_TRISB3                     (abs)        0433
_TRISB4                     (abs)        0434
_TRISB5                     (abs)        0435
_TRISB6                     (abs)        0436
_TRISB7                     (abs)        0437
_TRISC6                     (abs)        043E
_TRISC7                     (abs)        043F
_TRISDbits                  (abs)        0088
_TXIF                       (abs)        0064
_TXREG                      (abs)        0019
_TXSTAbits                  (abs)        0098
__H__absolute__             __absolute__ 0000
__Habs1                     abs1         0000
__Hbank0                    bank0        0000
__Hbank1                    bank1        0000
__Hbank2                    bank2        0000
__Hbank3                    bank3        0000
__HbssBANK0                 bssBANK0     0000
__HbssBANK1                 bssBANK1     0000
__HbssBANK3                 bssBANK3     0000
__HbssCOMMON                bssCOMMON    0000
__Hcinit                    cinit        006C
__Hclrtext                  clrtext      0000
__Hcode                     code         0000
__Hcommon                   common       0000
__Hconfig                   config       2009
__HcstackBANK0              cstackBANK0  0000
__HcstackCOMMON             cstackCOMMON 0000
__HdataBANK0                dataBANK0    0000
__HdataBANK1                dataBANK1    0000
__HdataBANK3                dataBANK3    0000
__HdataCOMMON               dataCOMMON   0000
__Heeprom_data              eeprom_data  0000
__Hend_init                 end_init     0013
__Hfunctab                  functab      0000
__Hheap                     heap         0000
__HidataBANK0               idataBANK0   0000
__HidataBANK1               idataBANK1   0000
__HidataBANK3               idataBANK3   0000
__HidataCOMMON              idataCOMMON  0000
__Hinit                     init         0010
__Hinittext                 inittext     0000
__Hintentry                 intentry     0010
__Hmaintext                 maintext     0000
__Hpowerup                  powerup      0000
__Hram                      ram          0000
__Hreset_vec                reset_vec    0003
__Hsfr0                     sfr0         0000
__Hsfr1                     sfr1         0000
__Hsfr2                     sfr2         0000
__Hsfr3                     sfr3         0000
__Hspace_0                  (abs)        074C
__Hspace_1                  (abs)        01CE
__Hspace_2                  (abs)        0000
__Hspace_3                  (abs)        0000
__Hspace_4                  (abs)        4010
__Hstack                    stack        0000
__Hstrings                  strings      0000
__Htext                     text         0000
__L__absolute__             __absolute__ 0000
__Labs1                     abs1         0000
__Lbank0                    bank0        0000
__Lbank1                    bank1        0000
__Lbank2                    bank2        0000
__Lbank3                    bank3        0000
__LbssBANK0                 bssBANK0     0000
__LbssBANK1                 bssBANK1     0000
__LbssBANK3                 bssBANK3     0000
__LbssCOMMON                bssCOMMON    0000
__Lcinit                    cinit        0013
__Lclrtext                  clrtext      0000
__Lcode                     code         0000
__Lcommon                   common       0000
__Lconfig                   config       0000
__LcstackBANK0              cstackBANK0  0000
__LcstackCOMMON             cstackCOMMON 0000
__LdataBANK0                dataBANK0    0000
__LdataBANK1                dataBANK1    0000
__LdataBANK3                dataBANK3    0000
__LdataCOMMON               dataCOMMON   0000
__Leeprom_data              eeprom_data  0000
__Lend_init                 end_init     0010
__Lfunctab                  functab      0000
__Lheap                     heap         0000
__LidataBANK0               idataBANK0   0000
__LidataBANK1               idataBANK1   0000
__LidataBANK3               idataBANK3   0000
__LidataCOMMON              idataCOMMON  0000
__Linit                     init         0010
__Linittext                 inittext     0000
__Lintentry                 intentry     0004
__Lmaintext                 maintext     0000
__Lpowerup                  powerup      0000
__Lram                      ram          0000
__Lreset_vec                reset_vec    0000
__Lsfr0                     sfr0         0000
__Lsfr1                     sfr1         0000
__Lsfr2                     sfr2         0000
__Lsfr3                     sfr3         0000
__Lspace_0                  (abs)        0000
__Lspace_1                  (abs)        0000
__Lspace_2                  (abs)        0000
__Lspace_3                  (abs)        0000
__Lspace_4                  (abs)        0000
__Lstack                    stack        0000
__Lstrings                  strings      0000
__Ltext                     text         0000
__S0                        (abs)        074C
__S1                        (abs)        01CE
__S3                        (abs)        0000
___heap_hi                  (abs)        0000
___heap_lo                  (abs)        0000
___int_sp                   stack        0000
___int_stack_hi             stack        0000
___int_stack_lo             stack        0000
___latbits                  (abs)        0002
___sp                       stack        0000
___stack_hi                 stack        0000
___stack_lo                 stack        0000
___stackhi                  (abs)        0000
___stacklo                  (abs)        0000
__end_of_ClearStringReceive text19       069D
__end_of_ISR                text18       05A8
__end_of_InitUART           text17       06CE
__end_of_KeyPadChar         strings      0221
__end_of_LCD_clear          text13       06FC
__end_of_LCD_cursor_set     text14       05D9
__end_of_LCD_init           text12       04C1
__end_of_LCD_pulse_clock    text16       072D
__end_of_LCD_write_char     text10       0741
__end_of_LCD_write_command  text15       03BE
__end_of_LCD_write_data     text11       032A
__end_of_LCD_write_string   text9        0627
__end_of_SendByteSerially   text8        0737
__end_of_SendCommandAT      text6        06E5
__end_of_SendStringSerially text7        0601
__end_of__initialization    cinit        0068
__end_of__stringtab         strings      0210
__end_of_keypad_scan        text5        044A
__end_of_main               maintext     01D4
__end_of_strchr             text4        06B6
__end_of_strlen             text3        0680
__end_of_strncmp            text2        0520
__end_of_strstr             text1        0571
__initialization            cinit        0013
__pbssBANK0                 bssBANK0     004D
__pbssBANK1                 bssBANK1     00A0
__pbssBANK3                 bssBANK3     0190
__pbssCOMMON                bssCOMMON    0079
__pcstackBANK0              cstackBANK0  0020
__pcstackCOMMON             cstackCOMMON 0070
__pdataBANK0                dataBANK0    003D
__pdataBANK1                dataBANK1    00BE
__pdataBANK3                dataBANK3    01B0
__pdataCOMMON               dataCOMMON   0076
__pidataBANK0               idataBANK0   070F
__pidataBANK1               idataBANK1   0627
__pidataBANK3               idataBANK3   0645
__pidataCOMMON              idataCOMMON  0749
__pintentry                 intentry     0004
__pmaintext                 maintext     006C
__pstrings                  strings      0200
__ptext1                    text1        0520
__ptext10                   text10       0737
__ptext11                   text11       0296
__ptext12                   text12       044A
__ptext13                   text13       06E5
__ptext14                   text14       05A8
__ptext15                   text15       032A
__ptext16                   text16       071F
__ptext17                   text17       06B6
__ptext18                   text18       0571
__ptext19                   text19       0680
__ptext2                    text2        04C1
__ptext3                    text3        0663
__ptext4                    text4        069D
__ptext5                    text5        03BE
__ptext6                    text6        06CE
__ptext7                    text7        05D9
__ptext8                    text8        072D
__ptext9                    text9        0601
__stringbase                strings      020F
__stringtab                 strings      0200
_keypad_scan                text5        03BE
_main                       maintext     006C
_pos                        bssCOMMON    0079
_strchr                     text4        069D
_strlen                     text3        0663
_strncmp                    text2        04C1
_strstr                     text1        0520
_test                       bssBANK0     0051
btemp                       (abs)        007E
clear_ram0                  clrtext      0741
end_of_initialization       cinit        0068
init_fetch0                 inittext     06FC
init_ram0                   inittext     0700
interrupt_function          intentry     0004
intlevel0                   functab      0000
intlevel1                   functab      0000
intlevel2                   functab      0000
intlevel3                   functab      0000
intlevel4                   functab      0000
intlevel5                   functab      0000
keypad_scan@F2382           dataBANK0    003D
keypad_scan@i               cstackBANK0  0034
keypad_scan@j               cstackBANK0  0036
keypad_scan@keypad          cstackBANK0  0024
main@key                    cstackBANK0  003C
main@x                      cstackBANK0  003B
modff@F522                  bssBANK0     004D
reset_vec                   reset_vec    0000
saved_w                     (abs)        007E
start                       init         0010
start_initialization        cinit        0013
strchr@c                    cstackBANK0  0020
strchr@s                    cstackBANK0  0022
strlen@a                    cstackBANK0  0022
strlen@s                    cstackBANK0  0023
strncmp@l                   cstackBANK0  0025
strncmp@n                   cstackBANK0  0021
strncmp@r                   cstackBANK0  0020
strstr@h                    cstackBANK0  002B
strstr@n                    cstackBANK0  0026
strstr@nl                   cstackBANK0  0029
wtemp0                      (abs)        007E


MODULE INFORMATION

Module		Function		Class		Link	Load	Size
LCD_init.c
		_LCD_init      		CODE           	044A	0000	119

LCD_init.c estimated size: 119

C:\Program Files\Microchip\xc8\v2.45\pic\sources\c99\common\strstr.c
		_strstr        		CODE           	0520	0000	81

C:\Program Files\Microchip\xc8\v2.45\pic\sources\c99\common\strstr.c estimated size: 81

esp8266.c
		_InitUART      		CODE           	06B6	0000	24
		_SendCommandAT 		CODE           	06CE	0000	23
		_SendByteSerially		CODE           	072D	0000	10
		_SendStringSerially		CODE           	05D9	0000	40

esp8266.c estimated size: 97

C:\Program Files\Microchip\xc8\v2.45\pic\sources\c99\common\strncmp.c
		_strncmp       		CODE           	04C1	0000	95

C:\Program Files\Microchip\xc8\v2.45\pic\sources\c99\common\strncmp.c estimated size: 95

LCD_write_command.c
		_LCD_write_command		CODE           	032A	0000	148

LCD_write_command.c estimated size: 148

LCD_write_data.c
		_LCD_write_data		CODE           	0296	0000	148

LCD_write_data.c estimated size: 148

LCD_pulse_clock.c
		_LCD_pulse_clock		CODE           	071F	0000	14

LCD_pulse_clock.c estimated size: 14

LCD_cursor_set.c
		_LCD_cursor_set		CODE           	05A8	0000	49

LCD_cursor_set.c estimated size: 49

shared
		__stringtab    		STRING         	0200	0000	16
		_KeyPadChar    		STRING         	0000	0000	0
		__initialization		CODE           	0013	0000	85

shared estimated size: 101

LCD_clear.c
		_LCD_clear     		CODE           	06E5	0000	23

LCD_clear.c estimated size: 23

C:\Program Files\Microchip\xc8\v2.45\pic\sources\c99\common\strlen.c
		_strlen        		CODE           	0663	0000	29

C:\Program Files\Microchip\xc8\v2.45\pic\sources\c99\common\strlen.c estimated size: 29

C:\Program Files\Microchip\xc8\v2.45\pic\sources\c99\common\strchr.c
		_strchr        		CODE           	069D	0000	25

C:\Program Files\Microchip\xc8\v2.45\pic\sources\c99\common\strchr.c estimated size: 25

LCD_write_string.c
		_LCD_write_string		CODE           	0601	0000	38

LCD_write_string.c estimated size: 38

LCD_write_char.c
		_LCD_write_char		CODE           	0737	0000	10

LCD_write_char.c estimated size: 10

main.c
		_ISR           		CODE           	0571	0000	55
		_ClearStringReceive		CODE           	0680	0000	29
		_main          		CODE           	006C	0000	360
		_keypad_scan   		CODE           	03BE	0000	140

main.c estimated size: 584

